// Jest Snapshot v1, https://goo.gl/fbAQLP

exports[`Button Component matches snapshot 1`] = `
<DocumentFragment>
  <button
    class="ant-btn css-dev-only-do-not-override-tjsggz ant-btn-primary ant-btn-color-primary ant-btn-variant-solid sc-VHjGu cswNpC"
    type="button"
  >
    <span>
      Click Me
    </span>
  </button>
</DocumentFragment>
`;
